
> agent-test@0.1.0 build
> next build

Γû▓ Next.js 16.1.6 (Turbopack)

  Creating an optimized production build ...
node.exe : 
At line:1 char:1
+ & 
"C:\nvm4w\nodejs/node.exe" "C:
\nvm4w\nodejs/node_modules/npm
/bin/np ...
+ ~~~~~~~~~~~~~~~~~~~~~~~~~~~~
~~~~~~~~~~~~~~~~~~~~~~~~~~~~~~
~~~~~~~~~~~
    + CategoryInfo          : 
    NotSpecified: (:String)   
  [], RemoteException
    + FullyQualifiedErrorId : 
    NativeCommandError
 
> Build error occurred
Error: Turbopack build failed 
with 1 errors:
./node_modules/pdfjs-dist/buil
d/pdf.js:6247:20
Module not found: Can't 
resolve 'canvas'
[0m [90m 6245 |[39m 
[36mclass[39m 
[33mNodeCanvasFactory[39m 
[36mextends[39m _base_factor
y[33m.[39m[33mBaseCanvasFac
tory[39m {
 [90m 6246 |[39m   _createCa
nvas(width[33m,[39m height) 
{
[31m[1m>[22m[39m[90m 
6247 |[39m     
[36mconst[39m 
[33mCanvas[39m [33m=[39m r
equire([32m"canvas"[39m)[33
m;[39m
 [90m      |[39m            
        [31m[1m^[22m[39m[
31m[1m^[22m[39m[31m[1m^[
22m[39m[31m[1m^[22m[39m[
31m[1m^[22m[39m[31m[1m^[
22m[39m[31m[1m^[22m[39m[
31m[1m^[22m[39m[31m[1m^[
22m[39m[31m[1m^[22m[39m[
31m[1m^[22m[39m[31m[1m^[
22m[39m[31m[1m^[22m[39m[
31m[1m^[22m[39m[31m[1m^[
22m[39m[31m[1m^[22m[39m[
31m[1m^[22m[39m
 [90m 6248 |[39m     
[36mreturn[39m [33mCanvas[
39m[33m.[39mcreateCanvas(wid
th[33m,[39m 
height)[33m;[39m
 [90m 6249 |[39m   }
 [90m 6250 |[39m }[0m



Import traces:
  Client Component Browser:
    ./node_modules/pdfjs-dist/
build/pdf.js [Client 
Component Browser]
    
./src/hooks/usePdfHandler.ts 
[Client Component Browser]
    ./src/components/PdfViewer
.tsx [Client Component 
Browser]
    ./src/app/page.tsx 
[Client Component Browser]
    ./src/app/page.tsx 
[Server Component]

  Client Component SSR:
    ./node_modules/pdfjs-dist/
build/pdf.js [Client 
Component SSR]
    
./src/hooks/usePdfHandler.ts 
[Client Component SSR]
    ./src/components/PdfViewer
.tsx [Client Component SSR]
    ./src/app/page.tsx 
[Client Component SSR]
    ./src/app/page.tsx 
[Server Component]

https://nextjs.org/docs/messag
es/module-not-found


    at <unknown> (https://next
js.org/docs/messages/module-no
t-found)
